// Jest Snapshot v1, https://goo.gl/fbAQLP

exports[`counter logic initial state 1`] = `
Object {
  "value": 0,
}
`;
